
Memory Configuration

Name             Origin             Length             Attributes
*default*        0x0000000000000000 0xffffffffffffffff

Linker script and memory map

                0x0000000000008000                . = 0x8000
                0x0000000000008000                __start = .

.text           0x0000000000008000     0x11b8
 *(.text.boot)
 .text.boot     0x0000000000008000       0x54 build/boot/boot.o
                0x0000000000008000                _start
 *(.text)
 .text          0x0000000000008054      0x758 build/kernel/frameBuffer.o
                0x0000000000008054                framebuffer_init
                0x0000000000008368                put_pixel
                0x0000000000008444                draw_char
                0x0000000000008660                draw_string
                0x000000000000875c                get_width
                0x0000000000008784                get_height
 .text          0x00000000000087ac      0x740 build/kernel/kernel.o
                0x00000000000087ac                itoa
                0x00000000000088a8                dump_memory
                0x00000000000089a0                draw_large_rotated_character
                0x0000000000008b28                draw_large_rotated_string
                0x0000000000008bac                kernel_main
 .text          0x0000000000008eec       0xcc build/kernel/mailbox.o
                0x0000000000008eec                mailbox_write
                0x0000000000008f4c                mailbox_read
 .text          0x0000000000008fb8       0x64 build/kernel/string.o
                0x0000000000008fb8                memset
 .text          0x000000000000901c      0x19c build/kernel/uart.o
                0x0000000000009074                uart_init
                0x00000000000090d4                uart_putc
                0x0000000000009128                uart_puts
                0x0000000000009174                uart_getc
 .text          0x00000000000091b8        0x0 build/boot/boot.o

.glue_7         0x00000000000091b8        0x0
 .glue_7        0x00000000000091b8        0x0 linker stubs

.glue_7t        0x00000000000091b8        0x0
 .glue_7t       0x00000000000091b8        0x0 linker stubs

.vfp11_veneer   0x00000000000091b8        0x0
 .vfp11_veneer  0x00000000000091b8        0x0 linker stubs

.v4_bx          0x00000000000091b8        0x0
 .v4_bx         0x00000000000091b8        0x0 linker stubs

.iplt           0x00000000000091b8        0x0
 .iplt          0x00000000000091b8        0x0 build/kernel/frameBuffer.o

.rodata         0x00000000000091b8      0x9d8
                0x00000000000091b8                __rodata_start = .
 *(.rodata)
 .rodata        0x00000000000091b8       0xb0 build/kernel/frameBuffer.o
 .rodata        0x0000000000009268      0x127 build/kernel/kernel.o
 *(.rodata.*)
 *(.font)
 *fill*         0x000000000000938f        0x1 
 .font          0x0000000000009390      0x400 build/kernel/frameBuffer.o
 .font          0x0000000000009790      0x400 build/kernel/kernel.o
                0x0000000000009b90                __rodata_end = .

.rel.dyn        0x0000000000009b90        0x0
 .rel.iplt      0x0000000000009b90        0x0 build/kernel/frameBuffer.o
 .rel.got       0x0000000000009b90        0x0 build/kernel/frameBuffer.o

.data           0x0000000000009b90        0x0
                0x0000000000009b90                __data_start = .
 *(.data)
 .data          0x0000000000009b90        0x0 build/kernel/frameBuffer.o
 .data          0x0000000000009b90        0x0 build/kernel/kernel.o
 .data          0x0000000000009b90        0x0 build/kernel/mailbox.o
 .data          0x0000000000009b90        0x0 build/kernel/string.o
 .data          0x0000000000009b90        0x0 build/kernel/uart.o
 .data          0x0000000000009b90        0x0 build/boot/boot.o
                0x0000000000009b90                __data_end = .

.igot.plt       0x0000000000009b90        0x0
 .igot.plt      0x0000000000009b90        0x0 build/kernel/frameBuffer.o

.got            0x0000000000009b90       0x10
 .got           0x0000000000009b90       0x10 build/kernel/frameBuffer.o

.got.plt        0x0000000000009ba0        0xc
 .got.plt       0x0000000000009ba0        0xc build/kernel/frameBuffer.o
                0x0000000000009ba0                _GLOBAL_OFFSET_TABLE_
                0x000000000000a000                . = ALIGN (0x1000)
                0x000000000000a000                __bss_start = .

.bss            0x000000000000a000       0x31
 *(.bss)
 .bss           0x000000000000a000       0x10 build/kernel/frameBuffer.o
 .bss           0x000000000000a010       0x21 build/kernel/kernel.o
 .bss           0x000000000000a031        0x0 build/kernel/mailbox.o
 .bss           0x000000000000a031        0x0 build/kernel/string.o
 .bss           0x000000000000a031        0x0 build/kernel/uart.o
 .bss           0x000000000000a031        0x0 build/boot/boot.o
                0x000000000000a031                __bss_end = .
                0x000000000000a031                __end = .
LOAD build/kernel/frameBuffer.o
LOAD build/kernel/kernel.o
LOAD build/kernel/mailbox.o
LOAD build/kernel/string.o
LOAD build/kernel/uart.o
LOAD build/boot/boot.o
OUTPUT(build/kernel.elf elf32-littlearm)
LOAD linker stubs

.debug_info     0x0000000000000000      0x966
 .debug_info    0x0000000000000000      0x2f8 build/kernel/frameBuffer.o
 .debug_info    0x00000000000002f8      0x3cd build/kernel/kernel.o
 .debug_info    0x00000000000006c5       0x9e build/kernel/mailbox.o
 .debug_info    0x0000000000000763       0xac build/kernel/string.o
 .debug_info    0x000000000000080f      0x157 build/kernel/uart.o

.debug_abbrev   0x0000000000000000      0x406
 .debug_abbrev  0x0000000000000000      0x117 build/kernel/frameBuffer.o
 .debug_abbrev  0x0000000000000117       0xfc build/kernel/kernel.o
 .debug_abbrev  0x0000000000000213       0x79 build/kernel/mailbox.o
 .debug_abbrev  0x000000000000028c       0x89 build/kernel/string.o
 .debug_abbrev  0x0000000000000315       0xf1 build/kernel/uart.o

.debug_aranges  0x0000000000000000       0xa0
 .debug_aranges
                0x0000000000000000       0x20 build/kernel/frameBuffer.o
 .debug_aranges
                0x0000000000000020       0x20 build/kernel/kernel.o
 .debug_aranges
                0x0000000000000040       0x20 build/kernel/mailbox.o
 .debug_aranges
                0x0000000000000060       0x20 build/kernel/string.o
 .debug_aranges
                0x0000000000000080       0x20 build/kernel/uart.o

.debug_line     0x0000000000000000      0x701
 .debug_line    0x0000000000000000      0x223 build/kernel/frameBuffer.o
 .debug_line    0x0000000000000223      0x2b1 build/kernel/kernel.o
 .debug_line    0x00000000000004d4       0x93 build/kernel/mailbox.o
 .debug_line    0x0000000000000567       0x8e build/kernel/string.o
 .debug_line    0x00000000000005f5      0x10c build/kernel/uart.o

.debug_str      0x0000000000000000      0x337
 .debug_str     0x0000000000000000      0x176 build/kernel/frameBuffer.o
                                        0x1c2 (size before relaxing)
 .debug_str     0x0000000000000176      0x113 build/kernel/kernel.o
                                        0x25c (size before relaxing)
 .debug_str     0x0000000000000289       0x39 build/kernel/mailbox.o
                                         0xf3 (size before relaxing)
 .debug_str     0x00000000000002c2       0x2a build/kernel/string.o
                                         0xf2 (size before relaxing)
 .debug_str     0x00000000000002ec       0x4b build/kernel/uart.o
                                        0x181 (size before relaxing)

.comment        0x0000000000000000       0x33
 .comment       0x0000000000000000       0x33 build/kernel/frameBuffer.o
                                         0x34 (size before relaxing)
 .comment       0x0000000000000033       0x34 build/kernel/kernel.o
 .comment       0x0000000000000033       0x34 build/kernel/mailbox.o
 .comment       0x0000000000000033       0x34 build/kernel/string.o
 .comment       0x0000000000000033       0x34 build/kernel/uart.o

.ARM.attributes
                0x0000000000000000       0x33
 .ARM.attributes
                0x0000000000000000       0x35 build/kernel/frameBuffer.o
 .ARM.attributes
                0x0000000000000035       0x35 build/kernel/kernel.o
 .ARM.attributes
                0x000000000000006a       0x35 build/kernel/mailbox.o
 .ARM.attributes
                0x000000000000009f       0x35 build/kernel/string.o
 .ARM.attributes
                0x00000000000000d4       0x35 build/kernel/uart.o
 .ARM.attributes
                0x0000000000000109       0x29 build/boot/boot.o

.debug_frame    0x0000000000000000      0x2cc
 .debug_frame   0x0000000000000000       0xd4 build/kernel/frameBuffer.o
 .debug_frame   0x00000000000000d4       0xb0 build/kernel/kernel.o
 .debug_frame   0x0000000000000184       0x50 build/kernel/mailbox.o
 .debug_frame   0x00000000000001d4       0x30 build/kernel/string.o
 .debug_frame   0x0000000000000204       0xc8 build/kernel/uart.o
