
Memory Configuration

Name             Origin             Length             Attributes
*default*        0x0000000000000000 0xffffffffffffffff

Linker script and memory map

                0x0000000000008000                . = 0x8000
                0x0000000000008000                __start = .

.text           0x0000000000008000     0x1200
 *(.text.boot)
 .text.boot     0x0000000000008000       0x54 build/boot/boot.o
                0x0000000000008000                _start
 *(.text)
 .text          0x0000000000008054        0x0 build/kernel/font.o
 .text          0x0000000000008054      0x770 build/kernel/frameBuffer.o
                0x0000000000008054                framebuffer_init
                0x0000000000008364                put_pixel
                0x0000000000008458                draw_char
                0x0000000000008678                draw_string
                0x0000000000008774                get_width
                0x000000000000879c                get_height
 .text          0x00000000000087c4      0x770 build/kernel/kernel.o
                0x00000000000087c4                itoa
                0x00000000000088c0                dump_memory
                0x00000000000089b4                kernel_main
 .text          0x0000000000008f34       0xcc build/kernel/mailbox.o
                0x0000000000008f34                mailbox_write
                0x0000000000008f94                mailbox_read
 .text          0x0000000000009000       0x64 build/kernel/string.o
                0x0000000000009000                memset
 .text          0x0000000000009064      0x19c build/kernel/uart.o
                0x00000000000090bc                uart_init
                0x000000000000911c                uart_putc
                0x0000000000009170                uart_puts
                0x00000000000091bc                uart_getc
 .text          0x0000000000009200        0x0 build/boot/boot.o

.glue_7         0x0000000000009200        0x0
 .glue_7        0x0000000000009200        0x0 linker stubs

.glue_7t        0x0000000000009200        0x0
 .glue_7t       0x0000000000009200        0x0 linker stubs

.vfp11_veneer   0x0000000000009200        0x0
 .vfp11_veneer  0x0000000000009200        0x0 linker stubs

.v4_bx          0x0000000000009200        0x0
 .v4_bx         0x0000000000009200        0x0 linker stubs

.iplt           0x0000000000009200        0x0
 .iplt          0x0000000000009200        0x0 build/kernel/frameBuffer.o

.rel.dyn        0x0000000000009200        0x0
 .rel.iplt      0x0000000000009200        0x0 build/kernel/frameBuffer.o
 .rel.got       0x0000000000009200        0x0 build/kernel/frameBuffer.o

.rodata         0x0000000000009200      0x644
                0x0000000000009200                __rodata_start = .
 *(.rodata)
 .rodata        0x0000000000009200       0xb0 build/kernel/frameBuffer.o
 .rodata        0x00000000000092b0      0x194 build/kernel/kernel.o
 *(.rodata.*)
 *(.font)
 .font          0x0000000000009444      0x400 build/kernel/font.o
                0x0000000000009444                font
                0x0000000000009844                __rodata_end = .

.data           0x0000000000009844        0x0
                0x0000000000009844                __data_start = .
 *(.data)
 .data          0x0000000000009844        0x0 build/kernel/font.o
 .data          0x0000000000009844        0x0 build/kernel/frameBuffer.o
 .data          0x0000000000009844        0x0 build/kernel/kernel.o
 .data          0x0000000000009844        0x0 build/kernel/mailbox.o
 .data          0x0000000000009844        0x0 build/kernel/string.o
 .data          0x0000000000009844        0x0 build/kernel/uart.o
 .data          0x0000000000009844        0x0 build/boot/boot.o
                0x0000000000009844                __data_end = .

.igot.plt       0x0000000000009844        0x0
 .igot.plt      0x0000000000009844        0x0 build/kernel/frameBuffer.o

.got            0x0000000000009844       0x14
 .got           0x0000000000009844       0x14 build/kernel/frameBuffer.o

.got.plt        0x0000000000009858        0xc
 .got.plt       0x0000000000009858        0xc build/kernel/frameBuffer.o
                0x0000000000009858                _GLOBAL_OFFSET_TABLE_
                0x000000000000a000                . = ALIGN (0x1000)
                0x000000000000a000                __bss_start = .

.bss            0x000000000000a000       0x31
 *(.bss)
 .bss           0x000000000000a000        0x0 build/kernel/font.o
 .bss           0x000000000000a000       0x10 build/kernel/frameBuffer.o
 .bss           0x000000000000a010       0x21 build/kernel/kernel.o
 .bss           0x000000000000a031        0x0 build/kernel/mailbox.o
 .bss           0x000000000000a031        0x0 build/kernel/string.o
 .bss           0x000000000000a031        0x0 build/kernel/uart.o
 .bss           0x000000000000a031        0x0 build/boot/boot.o
                0x000000000000a031                __bss_end = .
                0x000000000000a031                __end = .
LOAD build/kernel/font.o
LOAD build/kernel/frameBuffer.o
LOAD build/kernel/kernel.o
LOAD build/kernel/mailbox.o
LOAD build/kernel/string.o
LOAD build/kernel/uart.o
LOAD build/boot/boot.o
OUTPUT(build/kernel.elf elf32-littlearm)
LOAD linker stubs

.debug_info     0x0000000000000000      0x924
 .debug_info    0x0000000000000000       0x79 build/kernel/font.o
 .debug_info    0x0000000000000079      0x32a build/kernel/frameBuffer.o
 .debug_info    0x00000000000003a3      0x2e0 build/kernel/kernel.o
 .debug_info    0x0000000000000683       0x9e build/kernel/mailbox.o
 .debug_info    0x0000000000000721       0xac build/kernel/string.o
 .debug_info    0x00000000000007cd      0x157 build/kernel/uart.o

.debug_abbrev   0x0000000000000000      0x4ad
 .debug_abbrev  0x0000000000000000       0x5f build/kernel/font.o
 .debug_abbrev  0x000000000000005f      0x15e build/kernel/frameBuffer.o
 .debug_abbrev  0x00000000000001bd       0xfd build/kernel/kernel.o
 .debug_abbrev  0x00000000000002ba       0x79 build/kernel/mailbox.o
 .debug_abbrev  0x0000000000000333       0x89 build/kernel/string.o
 .debug_abbrev  0x00000000000003bc       0xf1 build/kernel/uart.o

.debug_aranges  0x0000000000000000       0xb8
 .debug_aranges
                0x0000000000000000       0x18 build/kernel/font.o
 .debug_aranges
                0x0000000000000018       0x20 build/kernel/frameBuffer.o
 .debug_aranges
                0x0000000000000038       0x20 build/kernel/kernel.o
 .debug_aranges
                0x0000000000000058       0x20 build/kernel/mailbox.o
 .debug_aranges
                0x0000000000000078       0x20 build/kernel/string.o
 .debug_aranges
                0x0000000000000098       0x20 build/kernel/uart.o

.debug_line     0x0000000000000000      0x736
 .debug_line    0x0000000000000000       0x4a build/kernel/font.o
 .debug_line    0x000000000000004a      0x22d build/kernel/frameBuffer.o
 .debug_line    0x0000000000000277      0x292 build/kernel/kernel.o
 .debug_line    0x0000000000000509       0x93 build/kernel/mailbox.o
 .debug_line    0x000000000000059c       0x8e build/kernel/string.o
 .debug_line    0x000000000000062a      0x10c build/kernel/uart.o

.debug_str      0x0000000000000000      0x2b2
 .debug_str     0x0000000000000000       0xbb build/kernel/font.o
                                         0xcd (size before relaxing)
 .debug_str     0x00000000000000bb       0xc9 build/kernel/frameBuffer.o
                                        0x1c7 (size before relaxing)
 .debug_str     0x0000000000000184       0x80 build/kernel/kernel.o
                                        0x1c1 (size before relaxing)
 .debug_str     0x0000000000000204       0x39 build/kernel/mailbox.o
                                         0xf3 (size before relaxing)
 .debug_str     0x000000000000023d       0x2a build/kernel/string.o
                                         0xf2 (size before relaxing)
 .debug_str     0x0000000000000267       0x4b build/kernel/uart.o
                                        0x181 (size before relaxing)

.comment        0x0000000000000000       0x33
 .comment       0x0000000000000000       0x33 build/kernel/font.o
                                         0x34 (size before relaxing)
 .comment       0x0000000000000033       0x34 build/kernel/frameBuffer.o
 .comment       0x0000000000000033       0x34 build/kernel/kernel.o
 .comment       0x0000000000000033       0x34 build/kernel/mailbox.o
 .comment       0x0000000000000033       0x34 build/kernel/string.o
 .comment       0x0000000000000033       0x34 build/kernel/uart.o

.ARM.attributes
                0x0000000000000000       0x39
 .ARM.attributes
                0x0000000000000000       0x3b build/kernel/font.o
 .ARM.attributes
                0x000000000000003b       0x35 build/kernel/frameBuffer.o
 .ARM.attributes
                0x0000000000000070       0x35 build/kernel/kernel.o
 .ARM.attributes
                0x00000000000000a5       0x35 build/kernel/mailbox.o
 .ARM.attributes
                0x00000000000000da       0x35 build/kernel/string.o
 .ARM.attributes
                0x000000000000010f       0x35 build/kernel/uart.o
 .ARM.attributes
                0x0000000000000144       0x29 build/boot/boot.o

.debug_frame    0x0000000000000000      0x28c
 .debug_frame   0x0000000000000000       0xd4 build/kernel/frameBuffer.o
 .debug_frame   0x00000000000000d4       0x70 build/kernel/kernel.o
 .debug_frame   0x0000000000000144       0x50 build/kernel/mailbox.o
 .debug_frame   0x0000000000000194       0x30 build/kernel/string.o
 .debug_frame   0x00000000000001c4       0xc8 build/kernel/uart.o
